#-----------------------------------------------------------
# Vivado v2024.1 (64-bit)
# SW Build 5076996 on Wed May 22 18:37:14 MDT 2024
# IP Build 5075265 on Wed May 22 21:45:21 MDT 2024
# SharedData Build 5076995 on Wed May 22 18:29:18 MDT 2024
# Start of session at: Mon Jul 13 11:28:00 2026
# Process ID: 6600
# Current directory: D:/UNSW/COMP3211/Lab2/Lab2Task1
# Command line: vivado.exe -gui_launcher_event rodinguilauncherevent11424 D:\UNSW\COMP3211\Lab2\Lab2Task1\Lab2Task1.xpr
# Log file: D:/UNSW/COMP3211/Lab2/Lab2Task1/vivado.log
# Journal file: D:/UNSW/COMP3211/Lab2/Lab2Task1\vivado.jou
# Running On        :DESKTOP-EI7AGU3
# Platform          :Windows Server 2016 or Windows 10
# Operating System  :26200
# Processor Detail  :13th Gen Intel(R) Core(TM) i5-13500H
# CPU Frequency     :3187 MHz
# CPU Physical cores:12
# CPU Logical cores :16
# Host memory       :16898 MB
# Swap memory       :9434 MB
# Total Virtual     :26333 MB
# Available Virtual :5313 MB
#-----------------------------------------------------------
start_gui
open_project D:/UNSW/COMP3211/Lab2/Lab2Task1/Lab2Task1.xpr
update_compile_order -fileset sources_1
launch_simulation
open_wave_config D:/UNSW/COMP3211/Lab2/Lab2Task1/Single_cycle_core_TB_VHDL_behav.wcfg
source Single_cycle_core_TB_VHDL.tcl
relaunch_sim
relaunch_sim
relaunch_sim
relaunch_sim
save_wave_config {D:/UNSW/COMP3211/Lab2/Lab2Task1/Single_cycle_core_TB_VHDL_behav.wcfg}
relaunch_sim
relaunch_sim
relaunch_sim
relaunch_sim
relaunch_sim
save_wave_config {D:/UNSW/COMP3211/Lab2/Lab2Task1/Single_cycle_core_TB_VHDL_behav.wcfg}
relaunch_sim
save_wave_config {D:/UNSW/COMP3211/Lab2/Lab2Task1/Single_cycle_core_TB_VHDL_behav.wcfg}
close_sim
launch_simulation
open_wave_config D:/UNSW/COMP3211/Lab2/Lab2Task1/Single_cycle_core_TB_VHDL_behav.wcfg
source Single_cycle_core_TB_VHDL.tcl
save_wave_config {D:/UNSW/COMP3211/Lab2/Lab2Task1/Single_cycle_core_TB_VHDL_behav.wcfg}
relaunch_sim
close_sim
launch_simulation
open_wave_config D:/UNSW/COMP3211/Lab2/Lab2Task1/Single_cycle_core_TB_VHDL_behav.wcfg
source Single_cycle_core_TB_VHDL.tcl
save_wave_config {D:/UNSW/COMP3211/Lab2/Lab2Task1/Single_cycle_core_TB_VHDL_behav.wcfg}
close_sim
launch_simulation
open_wave_config D:/UNSW/COMP3211/Lab2/Lab2Task1/Single_cycle_core_TB_VHDL_behav.wcfg
source Single_cycle_core_TB_VHDL.tcl
relaunch_sim
close_sim
launch_simulation
open_wave_config D:/UNSW/COMP3211/Lab2/Lab2Task1/Single_cycle_core_TB_VHDL_behav.wcfg
source Single_cycle_core_TB_VHDL.tcl
reset_run synth_1
launch_runs impl_1 -to_step write_bitstream -jobs 8
wait_on_run impl_1
save_wave_config {D:/UNSW/COMP3211/Lab2/Lab2Task1/Single_cycle_core_TB_VHDL_behav.wcfg}
reset_run impl_1 -prev_step 
launch_runs impl_1 -to_step write_bitstream -jobs 8
wait_on_run impl_1
open_hw_manager
connect_hw_server -allow_non_jtag
open_hw_target
set_property PROGRAM.FILE {D:/UNSW/COMP3211/Lab2/Lab2Task1/Lab2Task1.runs/impl_1/single_cycle_core.bit} [get_hw_devices xc7a35t_0]
current_hw_device [get_hw_devices xc7a35t_0]
refresh_hw_device -update_hw_probes false [lindex [get_hw_devices xc7a35t_0] 0]
set_property PROBES.FILE {} [get_hw_devices xc7a35t_0]
set_property FULL_PROBES.FILE {} [get_hw_devices xc7a35t_0]
set_property PROGRAM.FILE {D:/UNSW/COMP3211/Lab2/Lab2Task1/Lab2Task1.runs/impl_1/single_cycle_core.bit} [get_hw_devices xc7a35t_0]
program_hw_devices [get_hw_devices xc7a35t_0]
refresh_hw_device [lindex [get_hw_devices xc7a35t_0] 0]
close_sim
launch_simulation
open_wave_config D:/UNSW/COMP3211/Lab2/Lab2Task1/Single_cycle_core_TB_VHDL_behav.wcfg
source Single_cycle_core_TB_VHDL.tcl
close_sim
